admin
admin.server
admin.server.addr
admin.server.cors_allowed_origins
admin.server.idle_timeout
admin.server.max_body_bytes
admin.server.max_header_bytes
admin.server.read_header_timeout
admin.server.read_timeout
admin.server.real_ip_header
admin.server.request_id_header
admin.server.tls
admin.server.tls.ca_path
admin.server.tls.cert_path
admin.server.tls.client_auth
admin.server.tls.enabled
admin.server.tls.insecure_skip_verify
admin.server.tls.key_path
admin.server.tls.server_name
admin.server.trusted_proxies
admin.server.write_timeout
api
api.server
api.server.data
api.server.data.addr
api.server.data.cors_allowed_origins
api.server.data.idle_timeout
api.server.data.max_body_bytes
api.server.data.max_header_bytes
api.server.data.read_header_timeout
api.server.data.read_timeout
api.server.data.real_ip_header
api.server.data.request_id_header
api.server.data.tls
api.server.data.tls.ca_path
api.server.data.tls.cert_path
api.server.data.tls.client_auth
api.server.data.tls.enabled
api.server.data.tls.insecure_skip_verify
api.server.data.tls.key_path
api.server.data.tls.server_name
api.server.data.trusted_proxies
api.server.data.write_timeout
api.server.iam
api.server.iam.addr
api.server.iam.cors_allowed_origins
api.server.iam.idle_timeout
api.server.iam.max_body_bytes
api.server.iam.max_header_bytes
api.server.iam.read_header_timeout
api.server.iam.read_timeout
api.server.iam.real_ip_header
api.server.iam.request_id_header
api.server.iam.tls
api.server.iam.tls.ca_path
api.server.iam.tls.cert_path
api.server.iam.tls.client_auth
api.server.iam.tls.enabled
api.server.iam.tls.insecure_skip_verify
api.server.iam.tls.key_path
api.server.iam.tls.server_name
api.server.iam.trusted_proxies
api.server.iam.write_timeout
api_token
api_token.enabled
api_token.hmac_key
api_token.hmac_key_secret
api_token.hmac_key_secret.key
api_token.hmac_key_secret.name
api_token.hmac_key_secret.namespace
api_token.max_ttl
api_token.touch_last_used
api_token.verifier_leeway
app
app.env
app.name
auth
auth.access_token_ttl
auth.issuer
auth.jwks_url
auth.leeway
auth.login_rate_limit_per_ip_per_minute
auth.login_rate_limit_per_subject_per_minute
auth.oauth
auth.oauth.allowed_redirect_schemes
auth.oauth.authorization_code_ttl
auth.oauth.consent_url
auth.oauth.dynamic_registration
auth.oauth.enabled
auth.oauth.seed_clients
auth.oauth.token_endpoint_allowed_origins
auth.oauth.token_rate_limit_per_minute
auth.refresh_token_ttl
auth.scoped_token_max_ttl
auth.signing_key
auth.signing_key_secret
auth.signing_key_secret.key
auth.signing_key_secret.name
auth.signing_key_secret.namespace
bootstrap
bootstrap.admin
bootstrap.admin.display_name
bootstrap.admin.enabled
bootstrap.admin.force_reset
bootstrap.admin.min_password_length
bootstrap.admin.password
bootstrap.admin.password_secret
bootstrap.admin.password_secret.key
bootstrap.admin.password_secret.name
bootstrap.admin.password_secret.namespace
bootstrap.admin.roles
bootstrap.admin.subject
bootstrap.admin.tenant_display_name
bootstrap.admin.tenant_slug
capability
capability.charge_per_request_amount
capability.charge_per_request_unit
capability.default_ttl
capability.enabled
capability.issuer_name
capability.revocation_cache_ttl
capability.signing_key_kid
capability.signing_key_path
capability.trusted_issuers
capability.verifier_leeway
cedar
cedar.canonical_object_key_euid
cedar.policy_cache_ttl
datastores
datastores.postgres
datastores.postgres.dsn
datastores.postgres.healthcheck_period
datastores.postgres.migrate_dsn
datastores.postgres.migrate_password
datastores.postgres.migrate_password_secret
datastores.postgres.migrate_password_secret.key
datastores.postgres.migrate_password_secret.name
datastores.postgres.migrate_password_secret.namespace
datastores.postgres.password
datastores.postgres.password_secret
datastores.postgres.password_secret.key
datastores.postgres.password_secret.name
datastores.postgres.password_secret.namespace
datastores.postgres.pool
datastores.postgres.pool.max_conn_idle_time
datastores.postgres.pool.max_conn_lifetime
datastores.postgres.pool.max_conns
datastores.postgres.pool.min_conns
datastores.postgres.reaper_dsn
datastores.postgres.reaper_password
datastores.postgres.reaper_password_secret
datastores.postgres.reaper_password_secret.key
datastores.postgres.reaper_password_secret.name
datastores.postgres.reaper_password_secret.namespace
datastores.postgres.timeouts
datastores.postgres.timeouts.connect
datastores.postgres.timeouts.statement
dispatcher
dispatcher.audit_mirror_enabled
dispatcher.base_backoff
dispatcher.batch_size
dispatcher.charge_events_enabled
dispatcher.default_max_attempts
dispatcher.max_backoff
dispatcher.ops
dispatcher.ops.addr
dispatcher.ops.cors_allowed_origins
dispatcher.ops.idle_timeout
dispatcher.ops.max_body_bytes
dispatcher.ops.max_header_bytes
dispatcher.ops.read_header_timeout
dispatcher.ops.read_timeout
dispatcher.ops.real_ip_header
dispatcher.ops.request_id_header
dispatcher.ops.tls
dispatcher.ops.tls.ca_path
dispatcher.ops.tls.cert_path
dispatcher.ops.tls.client_auth
dispatcher.ops.tls.enabled
dispatcher.ops.tls.insecure_skip_verify
dispatcher.ops.tls.key_path
dispatcher.ops.tls.server_name
dispatcher.ops.trusted_proxies
dispatcher.ops.write_timeout
dispatcher.ops_url
dispatcher.poll_interval
ingest
ingest.dedup_ttl
ingest.driver
ingest.enabled
ingest.nats
ingest.nats.durable_name
ingest.nats.jetstream
ingest.nats.queue_group
ingest.nats.source_format
ingest.nats.subject
ingest.nats.tls
ingest.nats.tls.ca_path
ingest.nats.tls.cert_path
ingest.nats.tls.client_auth
ingest.nats.tls.enabled
ingest.nats.tls.insecure_skip_verify
ingest.nats.tls.key_path
ingest.nats.tls.server_name
ingest.nats.token
ingest.nats.token_ref
ingest.nats.token_ref.key
ingest.nats.token_ref.name
ingest.nats.token_ref.namespace
ingest.nats.url
ingest.rabbitmq
ingest.rabbitmq.prefetch_count
ingest.rabbitmq.queue
ingest.rabbitmq.source_format
ingest.rabbitmq.url
ingest.rabbitmq.url_ref
ingest.rabbitmq.url_ref.key
ingest.rabbitmq.url_ref.name
ingest.rabbitmq.url_ref.namespace
ingest.reaper_interval
ingest.sqs
ingest.sqs.endpoint
ingest.sqs.max_messages
ingest.sqs.queue_url
ingest.sqs.region
ingest.sqs.role_arn
ingest.sqs.source_format
ingest.sqs.unwrap_sns
ingest.sqs.visibility_timeout
ingest.sqs.wait_time_seconds
ingest.webhook
ingest.webhook.addr
ingest.webhook.idle_timeout
ingest.webhook.max_body_bytes
ingest.webhook.read_header_timeout
ingest.webhook.read_timeout
ingest.webhook.shared_secret
ingest.webhook.shared_secret_ref
ingest.webhook.shared_secret_ref.key
ingest.webhook.shared_secret_ref.name
ingest.webhook.shared_secret_ref.namespace
ingest.webhook.signature_header
ingest.webhook.write_timeout
limits
limits.allowed_content_types
limits.max_multipart_size
limits.max_object_size
limits.max_part_size
limits.max_parts
limits.min_part_size
limits.presign
limits.presign.default_max_size
limits.presign.default_ttl
limits.presign.get_ttl
limits.presign.max_ttl
limits.presign.part_ttl
limits.presign.put_ttl
logger
logger.development
logger.disable_caller
logger.disable_stacktrace
logger.fields
logger.fields.env
logger.fields.service
logger.format
logger.level
logger.sampling
logger.sampling.enabled
logger.sampling.initial
logger.sampling.thereafter
mcp
mcp.always_deny
mcp.http
mcp.http.addr
mcp.http.enabled
mcp.http.profile
mcp.http.session_timeout
mcp.http.sessions_url
mcp.oauth
mcp.oauth.authorization_server
mcp.oauth.authorization_server.authorization_endpoint
mcp.oauth.authorization_server.issuer
mcp.oauth.authorization_server.jwks_uri
mcp.oauth.authorization_server.registration_endpoint
mcp.oauth.authorization_server.token_endpoint
mcp.oauth.authorization_servers
mcp.oauth.enabled
mcp.oauth.resource_url
mcp.oauth.scopes_supported
mcp.profiles
mcp.profiles.*
mcp.profiles.*.deny
mcp.profiles.*.tools
mcp.stdio
mcp.stdio.enabled
mcp.stdio.profile
mcp.upstreams
mcp.upstreams.admin_url
mcp.upstreams.data_url
mcp.upstreams.iam_url
middleware
middleware.cache
middleware.cache.enabled
middleware.cache.max_size
middleware.cache.ttl
middleware.idempotency
middleware.idempotency.enabled
middleware.idempotency.ttl
middleware.rate_limit
middleware.rate_limit.burst
middleware.rate_limit.cleanup_interval
middleware.rate_limit.cleanup_ttl
middleware.rate_limit.enabled
middleware.rate_limit.max_tenants
middleware.rate_limit.requests_per_second
middleware.timeouts
middleware.timeouts.default_operation
middleware.timeouts.fast_operation
middleware.timeouts.long_operation
middleware.timeouts.s3_operation
otel
otel.enabled
otel.endpoint
otel.insecure
otel.protocol
otel.resource
otel.resource.deployment.environment
otel.resource.service.name
runtime
runtime.health_snapshot_token
runtime.log_probes
runtime.mode
runtime.shutdown_timeout
security
security.log_sensitive
security.reject_tenant_mismatch
storage
storage.backends
storage.backends.*
storage.backends.*.auth
storage.backends.*.auth.access_key
storage.backends.*.auth.access_key_secret
storage.backends.*.auth.access_key_secret.key
storage.backends.*.auth.access_key_secret.name
storage.backends.*.auth.access_key_secret.namespace
storage.backends.*.auth.duration_seconds
storage.backends.*.auth.external_id
storage.backends.*.auth.mode
storage.backends.*.auth.role_arn
storage.backends.*.auth.secret_key
storage.backends.*.auth.secret_key_secret
storage.backends.*.auth.secret_key_secret.key
storage.backends.*.auth.secret_key_secret.name
storage.backends.*.auth.secret_key_secret.namespace
storage.backends.*.auth.session_name
storage.backends.*.auth.session_token
storage.backends.*.auth.session_token_secret
storage.backends.*.auth.session_token_secret.key
storage.backends.*.auth.session_token_secret.name
storage.backends.*.auth.session_token_secret.namespace
storage.backends.*.auth.web_identity_token_file
storage.backends.*.bucket
storage.backends.*.endpoint
storage.backends.*.events
storage.backends.*.events.enabled
storage.backends.*.events.poll_interval
storage.backends.*.events.queue_url
storage.backends.*.events.target
storage.backends.*.force_path_style
storage.backends.*.kind
storage.backends.*.part_size
storage.backends.*.provider
storage.backends.*.public_endpoint
storage.backends.*.region
storage.backends.*.sse
storage.backends.*.sse.key_id
storage.backends.*.sse.type
worker
worker.jobs
worker.jobs.api_token
worker.jobs.api_token.expired_for
worker.jobs.api_token.interval
worker.jobs.capability
worker.jobs.capability.expired_for
worker.jobs.capability.interval
worker.jobs.housekeeping
worker.jobs.housekeeping.audit_log_ttl
worker.jobs.housekeeping.delete_orphaned_parts
worker.jobs.housekeeping.hard_delete_after
worker.jobs.housekeeping.hard_delete_batch_size
worker.jobs.housekeeping.interval
worker.jobs.housekeeping.multipart_ttl
worker.jobs.housekeeping.operations_ttl
worker.jobs.housekeeping.pending_ttl
worker.jobs.lifecycle
worker.jobs.lifecycle.enabled
worker.jobs.lifecycle.interval
worker.jobs.operations
worker.jobs.operations.interval
worker.jobs.purge_drain
worker.jobs.purge_drain.batch_size
worker.jobs.purge_drain.interval
worker.jobs.purge_drain.max_backoff
worker.jobs.quota_reconcile
worker.jobs.quota_reconcile.interval
worker.jobs.reconciler
worker.jobs.reconciler.batch_size
worker.jobs.reconciler.interval
worker.jobs.reconciler.min_object_age
worker.jobs.refresh_token_reap
worker.jobs.refresh_token_reap.interval
worker.jobs.replication
worker.jobs.replication.enabled
worker.jobs.replication.interval
worker.jobs.replication.lookback_window
worker.ops
worker.ops.addr
worker.ops.cors_allowed_origins
worker.ops.idle_timeout
worker.ops.max_body_bytes
worker.ops.max_header_bytes
worker.ops.read_header_timeout
worker.ops.read_timeout
worker.ops.real_ip_header
worker.ops.request_id_header
worker.ops.tls
worker.ops.tls.ca_path
worker.ops.tls.cert_path
worker.ops.tls.client_auth
worker.ops.tls.enabled
worker.ops.tls.insecure_skip_verify
worker.ops.tls.key_path
worker.ops.tls.server_name
worker.ops.trusted_proxies
worker.ops.write_timeout
worker.ops_url
